scripts/generate-leads.ts(24,17): error TS2322: Type 'string' is not assignable to type 'LeadStage | undefined'.
src/auth.config.ts(45,5): error TS2322: Type '{ id: string; name: string; type: string; issuer: string; clientId: string | undefined; clientSecret: string | undefined; }' is not assignable to type 'Provider'.
  Types of property 'type' are incompatible.
    Type 'string' is not assignable to type '"email" | "oidc" | "credentials" | "webauthn" | "oauth" | undefined'.
src/lib/admin-actions.ts(16,21): error TS2322: Type 'string' is not assignable to type 'EnumRoleFieldUpdateOperationsInput | Role | undefined'.
src/middleware.ts(4,25): error TS2345: Argument of type '{ pages: { signIn: string; }; callbacks: { authorized({ auth, request: { nextUrl } }: { request: NextRequest; auth: Session | null; }): boolean; jwt({ token, user }: { token: JWT; user: User | AdapterUser; ... 4 more ...; session?: any; }): Promise<...>; session({ session, token }: { ...; } & ... 1 more ... & { ...;...' is not assignable to parameter of type 'NextAuthConfig | ((request: NextRequest | undefined) => Awaitable<NextAuthConfig>)'.
  Type '{ pages: { signIn: string; }; callbacks: { authorized({ auth, request: { nextUrl } }: { request: NextRequest; auth: Session | null; }): boolean; jwt({ token, user }: { token: JWT; user: User | AdapterUser; ... 4 more ...; session?: any; }): Promise<...>; session({ session, token }: { ...; } & ... 1 more ... & { ...;...' is not assignable to type 'NextAuthConfig'.
    Types of property 'providers' are incompatible.
      Type '{ id: string; name: string; type: string; issuer: string; clientId: string | undefined; clientSecret: string | undefined; }[]' is not assignable to type 'Provider[]'.
        Type '{ id: string; name: string; type: string; issuer: string; clientId: string | undefined; clientSecret: string | undefined; }' is not assignable to type 'Provider'.
          Type '{ id: string; name: string; type: string; issuer: string; clientId: string | undefined; clientSecret: string | undefined; }' is not assignable to type 'OAuth2Config<any> & InternalProviderOptions'.
            Type '{ id: string; name: string; type: string; issuer: string; clientId: string | undefined; clientSecret: string | undefined; }' is not assignable to type 'OAuth2Config<any>'.
              Types of property 'type' are incompatible.
                Type 'string' is not assignable to type '"oauth"'.
